14:09:47 **** Incremental Build of configuration Debug for project Digital_Syncro_ROME ****
make all 
arm-none-eabi-gcc "../Src/dsc_rome_16b.c" -mcpu=cortex-m3 -std=gnu11 -g3 -DUSE_HAL_DRIVER -DSTM32F103xB -c -I../Inc -I../Drivers/STM32F1xx_HAL_Driver/Inc -I../Drivers/STM32F1xx_HAL_Driver/Inc/Legacy -I../Drivers/CMSIS/Device/ST/STM32F1xx/Include -I../Drivers/CMSIS/Include -Og -ffunction-sections -Wall -fstack-usage -fcyclomatic-complexity -MMD -MP -MF"Src/dsc_rome_16b.d" -MT"Src/dsc_rome_16b.o" --specs=nano.specs -mfloat-abi=soft -mthumb -o "Src/dsc_rome_16b.o"
arm-none-eabi-gcc -o "Digital_Syncro_ROME.elf" @"objects.list"   -mcpu=cortex-m3 -T"../STM32F103C8Tx_FLASH.ld" --specs=nosys.specs -Wl,-Map="Digital_Syncro_ROME.map" -Wl,--gc-sections -static --specs=nano.specs -mfloat-abi=soft -mthumb -u _printf_float -Wl,--start-group -lc -lm -Wl,--end-group
C:/ST/STM32CubeIDE_1.17.0/STM32CubeIDE/plugins/com.st.stm32cube.ide.mcu.externaltools.gnu-tools-for-stm32.12.3.rel1.win32_1.1.0.202410251130/tools/bin/../lib/gcc/arm-none-eabi/12.3.1/../../../../arm-none-eabi/bin/ld.exe: warning: Digital_Syncro_ROME.elf has a LOAD segment with RWX permissions
Finished building target: Digital_Syncro_ROME.elf
 
arm-none-eabi-size  Digital_Syncro_ROME.elf 
   text	   data	    bss	    dec	    hex	filename
  37752	    500	   3284	  41536	   a240	Digital_Syncro_ROME.elf
Finished building: default.size.stdout
 
arm-none-eabi-objdump -h -S Digital_Syncro_ROME.elf  > "Digital_Syncro_ROME.list"
Finished building: Digital_Syncro_ROME.list
 
arm-none-eabi-objcopy  -O ihex Digital_Syncro_ROME.elf  "Digital_Syncro_ROME.hex"
Finished building: Digital_Syncro_ROME.hex
 

14:09:48 Build Finished. 0 errors, 1 warnings. (took 1s.365ms)

