14:09:47 **** Incremental Build of configuration Debug for project Digital_Syncro_ROME ****
make all 
arm-none-eabi-gcc "../Src/dsc_rome_16b.c" -mcpu=cortex-m3 -std=gnu11 -g3 -DUSE_HAL_DRIVER -DSTM32F103xB -c -I../Inc -I../Drivers/STM32F1xx_HAL_Driver/Inc -I../Drivers/STM32F1xx_HAL_Driver/Inc/Legacy -I../Drivers/CMSIS/Device/ST/STM32F1xx/Include -I../Drivers/CMSIS/Include -Og -ffunction-sections -Wall -fstack-usage -fcyclomatic-complexity -MMD -MP -MF"Src/dsc_rome_16b.d" -MT"Src/dsc_rome_16b.o" --specs=nano.specs -mfloat-abi=soft -mthumb -o "Src/dsc_rome_16b.o"
arm-none-eabi-gcc -o "Digital_Syncro_ROME.elf" @"objects.list"   -mcpu=cortex-m3 -T"../STM32F103C8Tx_FLASH.ld" --specs=nosys.specs -Wl,-Map="Digital_Syncro_ROME.map" -Wl,--gc-sections -static --specs=nano.specs -mfloat-abi=soft -mthumb -u _printf_float -Wl,--start-group -lc -lm -Wl,--end-group
C:/ST/STM32CubeIDE_1.17.0/STM32CubeIDE/plugins/com.st.stm32cube.ide.mcu.externaltools.gnu-tools-for-stm32.12.3.rel1.win32_1.1.0.202410251130/tools/bin/../lib/gcc/arm-none-eabi/12.3.1/../../../../arm-none-eabi/bin/ld.exe: warning: Digital_Syncro_ROME.elf has a LOAD segment with RWX permissions
Finished building target: Digital_Syncro_ROME.elf
 
arm-none-eabi-size  Digital_Syncro_ROME.elf 
   text	   data	    bss	    dec	    hex	filename
  37752	    500	   3284	  41536	   a240	Digital_Syncro_ROME.elf
Finished building: default.size.stdout
 
arm-none-eabi-objdump -h -S Digital_Syncro_ROME.elf  > "Digital_Syncro_ROME.list"
Finished building: Digital_Syncro_ROME.list
 
arm-none-eabi-objcopy  -O ihex Digital_Syncro_ROME.elf  "Digital_Syncro_ROME.hex"
Finished building: Digital_Syncro_ROME.hex
 
14:31:34 **** Incremental Build of configuration Debug for project Device_STM32 ****
make all 
arm-none-eabi-gcc "../Src/dsc_rome_16b.c" -mcpu=cortex-m3 -std=gnu11 -g3 -DUSE_HAL_DRIVER -DSTM32F103xB -c -I../Inc -I../Drivers/STM32F1xx_HAL_Driver/Inc -I../Drivers/STM32F1xx_HAL_Driver/Inc/Legacy -I../Drivers/CMSIS/Device/ST/STM32F1xx/Include -I../Drivers/CMSIS/Include -Og -ffunction-sections -Wall -fstack-usage -fcyclomatic-complexity -MMD -MP -MF"Src/dsc_rome_16b.d" -MT"Src/dsc_rome_16b.o" --specs=nano.specs -mfloat-abi=soft -mthumb -o "Src/dsc_rome_16b.o"
arm-none-eabi-gcc -o "Device_STM32.elf" @"objects.list"   -mcpu=cortex-m3 -T"../STM32F103C8Tx_FLASH.ld" --specs=nosys.specs -Wl,-Map="Device_STM32.map" -Wl,--gc-sections -static --specs=nano.specs -mfloat-abi=soft -mthumb -u _printf_float -Wl,--start-group -lc -lm -Wl,--end-group
C:/ST/STM32CubeIDE_1.17.0/STM32CubeIDE/plugins/com.st.stm32cube.ide.mcu.externaltools.gnu-tools-for-stm32.12.3.rel1.win32_1.1.0.202410251130/tools/bin/../lib/gcc/arm-none-eabi/12.3.1/../../../../arm-none-eabi/bin/ld.exe: warning: Device_STM32.elf has a LOAD segment with RWX permissions
Finished building target: Device_STM32.elf
 
arm-none-eabi-size  Device_STM32.elf 
   text	   data	    bss	    dec	    hex	filename
  37768	    500	   3284	  41552	   a250	Device_STM32.elf
Finished building: default.size.stdout
 
arm-none-eabi-objdump -h -S Device_STM32.elf  > "Device_STM32.list"
Finished building: Device_STM32.list
 
arm-none-eabi-objcopy  -O ihex Device_STM32.elf  "Device_STM32.hex"
Finished building: Device_STM32.hex
 
15:29:51 **** Build of configuration Debug for project Device_STM32 ****
make all 
arm-none-eabi-size  Device_STM32.elf 
   text	   data	    bss	    dec	    hex	filename
  37768	    500	   3284	  41552	   a250	Device_STM32.elf
Finished building: default.size.stdout
 
15:30:44 **** Incremental Build of configuration Debug for project Device_STM32 ****
make all 
arm-none-eabi-size  Device_STM32.elf 
   text	   data	    bss	    dec	    hex	filename
  37768	    500	   3284	  41552	   a250	Device_STM32.elf
Finished building: default.size.stdout
 
15:48:42 **** Incremental Build of configuration Debug for project Device_STM32 ****
make all 
arm-none-eabi-gcc "../Src/dsc_rome_16b.c" -mcpu=cortex-m3 -std=gnu11 -g3 -DUSE_HAL_DRIVER -DSTM32F103xB -c -I../Inc -I../Drivers/STM32F1xx_HAL_Driver/Inc -I../Drivers/STM32F1xx_HAL_Driver/Inc/Legacy -I../Drivers/CMSIS/Device/ST/STM32F1xx/Include -I../Drivers/CMSIS/Include -Og -ffunction-sections -Wall -fstack-usage -fcyclomatic-complexity -MMD -MP -MF"Src/dsc_rome_16b.d" -MT"Src/dsc_rome_16b.o" --specs=nano.specs -mfloat-abi=soft -mthumb -o "Src/dsc_rome_16b.o"
arm-none-eabi-gcc "../Src/main.c" -mcpu=cortex-m3 -std=gnu11 -g3 -DUSE_HAL_DRIVER -DSTM32F103xB -c -I../Inc -I../Drivers/STM32F1xx_HAL_Driver/Inc -I../Drivers/STM32F1xx_HAL_Driver/Inc/Legacy -I../Drivers/CMSIS/Device/ST/STM32F1xx/Include -I../Drivers/CMSIS/Include -Og -ffunction-sections -Wall -fstack-usage -fcyclomatic-complexity -MMD -MP -MF"Src/main.d" -MT"Src/main.o" --specs=nano.specs -mfloat-abi=soft -mthumb -o "Src/main.o"
../Src/main.c: In function 'main':
../Src/main.c:142:48: warning: ' deg)
   ' directive writing 7 bytes into a region of size 3 [-Wformat-overflow=]
  142 |   sprintf(txt, "Device #%d Ready (Init: %.2f deg)\r\n", DEVICE_ID, STARTUP_INIT_ANGLE);
      |                                             ~~~^~~~~~
../Src/main.c:142:3: note: 'sprintf' output 35 bytes into a destination of size 30
  142 |   sprintf(txt, "Device #%d Ready (Init: %.2f deg)\r\n", DEVICE_ID, STARTUP_INIT_ANGLE);
      |   ^~~~~~~~~~~~~~~~~~~~~~~~~~~~~~~~~~~~~~~~~~~~~~~~~~~~~~~~~~~~~~~~~~~~~~~~~~~~~~~~~~~~
arm-none-eabi-gcc "../Src/stm32f1xx_hal_msp.c" -mcpu=cortex-m3 -std=gnu11 -g3 -DUSE_HAL_DRIVER -DSTM32F103xB -c -I../Inc -I../Drivers/STM32F1xx_HAL_Driver/Inc -I../Drivers/STM32F1xx_HAL_Driver/Inc/Legacy -I../Drivers/CMSIS/Device/ST/STM32F1xx/Include -I../Drivers/CMSIS/Include -Og -ffunction-sections -Wall -fstack-usage -fcyclomatic-complexity -MMD -MP -MF"Src/stm32f1xx_hal_msp.d" -MT"Src/stm32f1xx_hal_msp.o" --specs=nano.specs -mfloat-abi=soft -mthumb -o "Src/stm32f1xx_hal_msp.o"
arm-none-eabi-gcc "../Src/stm32f1xx_it.c" -mcpu=cortex-m3 -std=gnu11 -g3 -DUSE_HAL_DRIVER -DSTM32F103xB -c -I../Inc -I../Drivers/STM32F1xx_HAL_Driver/Inc -I../Drivers/STM32F1xx_HAL_Driver/Inc/Legacy -I../Drivers/CMSIS/Device/ST/STM32F1xx/Include -I../Drivers/CMSIS/Include -Og -ffunction-sections -Wall -fstack-usage -fcyclomatic-complexity -MMD -MP -MF"Src/stm32f1xx_it.d" -MT"Src/stm32f1xx_it.o" --specs=nano.specs -mfloat-abi=soft -mthumb -o "Src/stm32f1xx_it.o"
arm-none-eabi-gcc -o "Device_STM32.elf" @"objects.list"   -mcpu=cortex-m3 -T"../STM32F103C8Tx_FLASH.ld" --specs=nosys.specs -Wl,-Map="Device_STM32.map" -Wl,--gc-sections -static --specs=nano.specs -mfloat-abi=soft -mthumb -u _printf_float -Wl,--start-group -lc -lm -Wl,--end-group
C:/ST/STM32CubeIDE_1.17.0/STM32CubeIDE/plugins/com.st.stm32cube.ide.mcu.externaltools.gnu-tools-for-stm32.12.3.rel1.win32_1.1.0.202410251130/tools/bin/../lib/gcc/arm-none-eabi/12.3.1/../../../../arm-none-eabi/bin/ld.exe: warning: Device_STM32.elf has a LOAD segment with RWX permissions
Finished building target: Device_STM32.elf
 
arm-none-eabi-size  Device_STM32.elf 
   text	   data	    bss	    dec	    hex	filename
  37864	    500	   3284	  41648	   a2b0	Device_STM32.elf
Finished building: default.size.stdout
 
arm-none-eabi-objdump -h -S Device_STM32.elf  > "Device_STM32.list"
Finished building: Device_STM32.list
 
arm-none-eabi-objcopy  -O ihex Device_STM32.elf  "Device_STM32.hex"
Finished building: Device_STM32.hex
 
16:14:48 **** Incremental Build of configuration Debug for project Device_STM32 ****
make all 
arm-none-eabi-gcc "../Src/dsc_rome_16b.c" -mcpu=cortex-m3 -std=gnu11 -g3 -DUSE_HAL_DRIVER -DSTM32F103xB -c -I../Inc -I../Drivers/STM32F1xx_HAL_Driver/Inc -I../Drivers/STM32F1xx_HAL_Driver/Inc/Legacy -I../Drivers/CMSIS/Device/ST/STM32F1xx/Include -I../Drivers/CMSIS/Include -Og -ffunction-sections -Wall -fstack-usage -fcyclomatic-complexity -MMD -MP -MF"Src/dsc_rome_16b.d" -MT"Src/dsc_rome_16b.o" --specs=nano.specs -mfloat-abi=soft -mthumb -o "Src/dsc_rome_16b.o"
arm-none-eabi-gcc "../Src/main.c" -mcpu=cortex-m3 -std=gnu11 -g3 -DUSE_HAL_DRIVER -DSTM32F103xB -c -I../Inc -I../Drivers/STM32F1xx_HAL_Driver/Inc -I../Drivers/STM32F1xx_HAL_Driver/Inc/Legacy -I../Drivers/CMSIS/Device/ST/STM32F1xx/Include -I../Drivers/CMSIS/Include -Og -ffunction-sections -Wall -fstack-usage -fcyclomatic-complexity -MMD -MP -MF"Src/main.d" -MT"Src/main.o" --specs=nano.specs -mfloat-abi=soft -mthumb -o "Src/main.o"
../Src/main.c: In function 'main':
../Src/main.c:142:48: warning: ' deg)
   ' directive writing 7 bytes into a region of size 3 [-Wformat-overflow=]
  142 |   sprintf(txt, "Device #%d Ready (Init: %.2f deg)\r\n", DEVICE_ID, STARTUP_INIT_ANGLE);
      |                                             ~~~^~~~~~
../Src/main.c:142:3: note: 'sprintf' output 35 bytes into a destination of size 30
  142 |   sprintf(txt, "Device #%d Ready (Init: %.2f deg)\r\n", DEVICE_ID, STARTUP_INIT_ANGLE);
      |   ^~~~~~~~~~~~~~~~~~~~~~~~~~~~~~~~~~~~~~~~~~~~~~~~~~~~~~~~~~~~~~~~~~~~~~~~~~~~~~~~~~~~
arm-none-eabi-gcc "../Src/stm32f1xx_hal_msp.c" -mcpu=cortex-m3 -std=gnu11 -g3 -DUSE_HAL_DRIVER -DSTM32F103xB -c -I../Inc -I../Drivers/STM32F1xx_HAL_Driver/Inc -I../Drivers/STM32F1xx_HAL_Driver/Inc/Legacy -I../Drivers/CMSIS/Device/ST/STM32F1xx/Include -I../Drivers/CMSIS/Include -Og -ffunction-sections -Wall -fstack-usage -fcyclomatic-complexity -MMD -MP -MF"Src/stm32f1xx_hal_msp.d" -MT"Src/stm32f1xx_hal_msp.o" --specs=nano.specs -mfloat-abi=soft -mthumb -o "Src/stm32f1xx_hal_msp.o"
arm-none-eabi-gcc "../Src/stm32f1xx_it.c" -mcpu=cortex-m3 -std=gnu11 -g3 -DUSE_HAL_DRIVER -DSTM32F103xB -c -I../Inc -I../Drivers/STM32F1xx_HAL_Driver/Inc -I../Drivers/STM32F1xx_HAL_Driver/Inc/Legacy -I../Drivers/CMSIS/Device/ST/STM32F1xx/Include -I../Drivers/CMSIS/Include -Og -ffunction-sections -Wall -fstack-usage -fcyclomatic-complexity -MMD -MP -MF"Src/stm32f1xx_it.d" -MT"Src/stm32f1xx_it.o" --specs=nano.specs -mfloat-abi=soft -mthumb -o "Src/stm32f1xx_it.o"
arm-none-eabi-gcc -o "Device_STM32.elf" @"objects.list"   -mcpu=cortex-m3 -T"../STM32F103C8Tx_FLASH.ld" --specs=nosys.specs -Wl,-Map="Device_STM32.map" -Wl,--gc-sections -static --specs=nano.specs -mfloat-abi=soft -mthumb -u _printf_float -Wl,--start-group -lc -lm -Wl,--end-group
C:/ST/STM32CubeIDE_1.17.0/STM32CubeIDE/plugins/com.st.stm32cube.ide.mcu.externaltools.gnu-tools-for-stm32.12.3.rel1.win32_1.1.0.202410251130/tools/bin/../lib/gcc/arm-none-eabi/12.3.1/../../../../arm-none-eabi/bin/ld.exe: warning: Device_STM32.elf has a LOAD segment with RWX permissions
Finished building target: Device_STM32.elf
 
arm-none-eabi-size  Device_STM32.elf 
   text	   data	    bss	    dec	    hex	filename
  37904	    500	   3284	  41688	   a2d8	Device_STM32.elf
Finished building: default.size.stdout
 
arm-none-eabi-objdump -h -S Device_STM32.elf  > "Device_STM32.list"
Finished building: Device_STM32.list
 
arm-none-eabi-objcopy  -O ihex Device_STM32.elf  "Device_STM32.hex"
Finished building: Device_STM32.hex
 
